// Jest Snapshot v1, https://goo.gl/fbAQLP

exports[`Map rendering Expect map to render with correct elements 1`] = `
<div
  className="a"
>
  <h1>
    Minesweeper (active)
  </h1>
  <div
    className="b c d e f"
  >
    <div
      className="g b h i j k l m n"
      onClick={[Function]}
    >
      
    </div>
    <div
      className="g b h i j k l m n"
      onClick={[Function]}
    >
      
    </div>
    <div
      className="g b h i j k l m n"
      onClick={[Function]}
    >
      
    </div>
    <div
      className="g b h i j k l m n"
      onClick={[Function]}
    >
      
    </div>
    <div
      className="g b h i j k l m n"
      onClick={[Function]}
    >
      
    </div>
    <div
      className="g b h i j k l m n"
      onClick={[Function]}
    >
      
    </div>
    <div
      className="g b h i j k l m n"
      onClick={[Function]}
    >
      
    </div>
    <div
      className="g b h i j k l m n"
      onClick={[Function]}
    >
      
    </div>
    <div
      className="g b h i j k l m n"
      onClick={[Function]}
    >
      
    </div>
    <div
      className="g b h i j k l m n"
      onClick={[Function]}
    >
      
    </div>
    <div
      className="o b p i j k l m n"
      onClick={[Function]}
    >
      <svg
        viewBox="0 0 100 100"
        x="0px"
        y="0px"
      >
        <path
          d="M66.03,7.683c1.262-0.539,2.879-0.885,4.617-0.812c0.759,4.807-1.603,8.536-4.659,10.089  c-1.752,0.891-3.946,1.383-6.241,0.94c-2.073-0.4-3.62-1.285-4.918-2.607c-1.325-1.353-2.034-2.848-2.522-5.002  C51.867,8.348,50.5,6.976,48.46,6.614c-2.38-0.422-4.1,0.847-4.917,2.437c-0.939,1.828-0.262,3.975,0.128,6.2  c1.409-0.116,3.024-0.396,4.617-0.471c0.916,4.884,1.71,9.89,2.607,14.792c10.156,0.618,17.22,4.184,22.744,9.49  c5.384,5.173,9.56,12.2,10.432,21.76c0.967,10.606-2.938,18.79-7.481,24.453c-4.673,5.823-11.247,10.455-20.094,12.1  c-4.912,0.913-10.049,0.747-14.45-0.301c-4.317-1.026-8.073-2.798-11.201-4.915c-6.418-4.347-11.185-10.449-13.637-18.555  c-1.281-4.234-1.797-9.507-1.154-14.279c0.624-4.633,2.096-8.712,3.976-12.098c3.837-6.914,9.552-11.927,17.058-15.134  c-0.798-5.016-1.806-9.821-2.564-14.877c1.49-0.405,2.992-0.798,4.574-1.112c-0.288-1.806-0.763-3.39-0.727-5.173  c0.034-1.707,0.571-3.317,1.325-4.574c1.451-2.418,4.159-4.276,7.481-4.489c2.74-0.175,5.012,0.893,6.583,2.223  C55.424,5.5,56.4,7.45,56.925,9.735c0.53,2.313,2.5,3.856,4.873,3.676C64.427,13.212,66.671,10.963,66.03,7.683z"
          fill="#000000"
        />
      </svg>
      
    </div>
    <div
      className="g b h i j k l m n"
      onClick={[Function]}
    >
      
    </div>
    <div
      className="g b h i j k l m n"
      onClick={[Function]}
    >
      
    </div>
    <div
      className="g b h i j k l m n"
      onClick={[Function]}
    >
      
    </div>
    <div
      className="g b h i j k l m n"
      onClick={[Function]}
    >
      
    </div>
    <div
      className="g b h i j k l m n"
      onClick={[Function]}
    >
      
    </div>
    <div
      className="g b h i j k l m n"
      onClick={[Function]}
    >
      
    </div>
    <div
      className="g b h i j k l m n"
      onClick={[Function]}
    >
      
    </div>
    <div
      className="g b h i j k l m n"
      onClick={[Function]}
    >
      
    </div>
    <div
      className="g b h i j k l m n"
      onClick={[Function]}
    >
      
    </div>
    <div
      className="g b h i j k l m n"
      onClick={[Function]}
    >
      
    </div>
    <div
      className="g b h i j k l m n"
      onClick={[Function]}
    >
      
    </div>
    <div
      className="g b h i j k l m n"
      onClick={[Function]}
    >
      
    </div>
    <div
      className="g b h i j k l m n"
      onClick={[Function]}
    >
      
    </div>
    <div
      className="g b h i j k l m n"
      onClick={[Function]}
    >
      
    </div>
    <div
      className="g b h i j k l m n"
      onClick={[Function]}
    >
      <svg
        viewBox="0 0 48 60"
        x="0px"
        y="0px"
      >
        <g>
          <path
            d="M8.3,35.5V2.2c-0.1-1-0.9-1.7-1.9-1.7c-1.1,0-2,0.9-2,2v2.8v22v18.3c0,1.1,0.9,2,2,2s2-0.9,2-2L8.3,35.5L8.3,35.5z"
          />
          <path
            d="M43.3,26.3c-1.6-3.6-3.2-7.2-4.9-10.9c1.7-3.4,3.3-6.4,4.9-9.1c0.3-0.5,0.3-1.1,0.1-1.7s-0.7-1-1.3-1.2   c-2.5-0.7-5.1-1.1-8-1.1c-3.5,0-7.1,0.5-10.5,1c-3.4,0.5-6.6,1-9.9,1c-0.5,0-1.1,0-1.6,0v25.9c0.5,0,1.1,0,1.6,0   c3.5,0,7.1-0.5,10.5-1c3.4-0.5,6.6-1,9.9-1c2.5,0,4.8,0.3,6.9,0.9c0.2,0.1,0.4,0.1,0.6,0.1c0,0,0,0,0,0c1.1,0,2-0.9,2-2   C43.6,26.9,43.5,26.6,43.3,26.3z"
          />
        </g>
      </svg>
      
    </div>
    <div
      className="g b h i j k l m n"
      onClick={[Function]}
    >
      
    </div>
    <div
      className="g b h i j k l m n"
      onClick={[Function]}
    >
      
    </div>
    <div
      className="g b h i j k l m n"
      onClick={[Function]}
    >
      
    </div>
    <div
      className="g b h i j k l m n"
      onClick={[Function]}
    >
      
    </div>
    <div
      className="g b h i j k l m n"
      onClick={[Function]}
    >
      
    </div>
    <div
      className="g b h i j k l m n"
      onClick={[Function]}
    >
      
    </div>
    <div
      className="g b h i j k l m n"
      onClick={[Function]}
    >
      
    </div>
    <div
      className="g b h i j k l m n"
      onClick={[Function]}
    >
      
    </div>
    <div
      className="g b h i j k l m n"
      onClick={[Function]}
    >
      
    </div>
    <div
      className="g b h i j k l m n"
      onClick={[Function]}
    >
      
    </div>
    <div
      className="g b h i j k l m n"
      onClick={[Function]}
    >
      
    </div>
    <div
      className="g b h i j k l m n"
      onClick={[Function]}
    >
      
    </div>
    <div
      className="g b h i j k l m n"
      onClick={[Function]}
    >
      
    </div>
    <div
      className="g b h i j k l m n"
      onClick={[Function]}
    >
      
    </div>
    <div
      className="g b h i j k l m n"
      onClick={[Function]}
    >
      
    </div>
    <div
      className="g b h i j k l m n"
      onClick={[Function]}
    >
      
    </div>
    <div
      className="g b h i j k l m n"
      onClick={[Function]}
    >
      
    </div>
    <div
      className="g b h i j k l m n"
      onClick={[Function]}
    >
      
    </div>
    <div
      className="g b h i j k l m n"
      onClick={[Function]}
    >
      
    </div>
    <div
      className="g b h i j k l m n"
      onClick={[Function]}
    >
      
    </div>
    <div
      className="g b h i j k l m n"
      onClick={[Function]}
    >
      
    </div>
    <div
      className="g b h i j k l m n"
      onClick={[Function]}
    >
      
    </div>
    <div
      className="g b h i j k l m n"
      onClick={[Function]}
    >
      
    </div>
    <div
      className="g b h i j k l m n"
      onClick={[Function]}
    >
      
    </div>
    <div
      className="g b h i j k l m n"
      onClick={[Function]}
    >
      
    </div>
    <div
      className="g b h i j k l m n"
      onClick={[Function]}
    >
      
    </div>
    <div
      className="g b h i j k l m n"
      onClick={[Function]}
    >
      
    </div>
    <div
      className="g b h i j k l m n"
      onClick={[Function]}
    >
      
    </div>
    <div
      className="g b h i j k l m n"
      onClick={[Function]}
    >
      
    </div>
    <div
      className="o b p i j k l m n"
      onClick={[Function]}
    >
      
    </div>
    <div
      className="g b h i j k l m n"
      onClick={[Function]}
    >
      
    </div>
    <div
      className="g b h i j k l m n"
      onClick={[Function]}
    >
      
    </div>
    <div
      className="g b h i j k l m n"
      onClick={[Function]}
    >
      
    </div>
    <div
      className="g b h i j k l m n"
      onClick={[Function]}
    >
      
    </div>
    <div
      className="g b h i j k l m n"
      onClick={[Function]}
    >
      
    </div>
    <div
      className="g b h i j k l m n"
      onClick={[Function]}
    >
      
    </div>
    <div
      className="g b h i j k l m n"
      onClick={[Function]}
    >
      
    </div>
    <div
      className="g b h i j k l m n"
      onClick={[Function]}
    >
      
    </div>
    <div
      className="g b h i j k l m n"
      onClick={[Function]}
    >
      
    </div>
    <div
      className="g b h i j k l m n"
      onClick={[Function]}
    >
      
    </div>
    <div
      className="g b h i j k l m n"
      onClick={[Function]}
    >
      
    </div>
    <div
      className="g b h i j k l m n"
      onClick={[Function]}
    >
      
    </div>
    <div
      className="g b h i j k l m n"
      onClick={[Function]}
    >
      
    </div>
    <div
      className="g b h i j k l m n"
      onClick={[Function]}
    >
      
    </div>
    <div
      className="g b h i j k l m n"
      onClick={[Function]}
    >
      
    </div>
    <div
      className="g b h i j k l m n"
      onClick={[Function]}
    >
      
    </div>
    <div
      className="g b h i j k l m n"
      onClick={[Function]}
    >
      
    </div>
    <div
      className="g b h i j k l m n"
      onClick={[Function]}
    >
      
    </div>
    <div
      className="g b h i j k l m n"
      onClick={[Function]}
    >
      
    </div>
    <div
      className="g b h i j k l m n"
      onClick={[Function]}
    >
      
    </div>
    <div
      className="g b h i j k l m n"
      onClick={[Function]}
    >
      
    </div>
    <div
      className="g b h i j k l m n"
      onClick={[Function]}
    >
      4
    </div>
    <div
      className="g b h i j k l m n"
      onClick={[Function]}
    >
      
    </div>
    <div
      className="g b h i j k l m n"
      onClick={[Function]}
    >
      
    </div>
    <div
      className="g b h i j k l m n"
      onClick={[Function]}
    >
      
    </div>
    <div
      className="g b h i j k l m n"
      onClick={[Function]}
    >
      
    </div>
    <div
      className="g b h i j k l m n"
      onClick={[Function]}
    >
      
    </div>
    <div
      className="g b h i j k l m n"
      onClick={[Function]}
    >
      
    </div>
    <div
      className="g b h i j k l m n"
      onClick={[Function]}
    >
      
    </div>
    <div
      className="g b h i j k l m n"
      onClick={[Function]}
    >
      
    </div>
    <div
      className="g b h i j k l m n"
      onClick={[Function]}
    >
      
    </div>
    <div
      className="g b h i j k l m n"
      onClick={[Function]}
    >
      
    </div>
    <div
      className="g b h i j k l m n"
      onClick={[Function]}
    >
      
    </div>
    <div
      className="g b h i j k l m n"
      onClick={[Function]}
    >
      
    </div>
    <div
      className="g b h i j k l m n"
      onClick={[Function]}
    >
      
    </div>
    <div
      className="g b h i j k l m n"
      onClick={[Function]}
    >
      
    </div>
    <div
      className="g b h i j k l m n"
      onClick={[Function]}
    >
      
    </div>
    <div
      className="g b h i j k l m n"
      onClick={[Function]}
    >
      
    </div>
    <div
      className="g b h i j k l m n"
      onClick={[Function]}
    >
      
    </div>
    <div
      className="g b h i j k l m n"
      onClick={[Function]}
    >
      
    </div>
    <div
      className="g b h i j k l m n"
      onClick={[Function]}
    >
      
    </div>
    <div
      className="g b h i j k l m n"
      onClick={[Function]}
    >
      
    </div>
    <div
      className="g b h i j k l m n"
      onClick={[Function]}
    >
      
    </div>
    <div
      className="g b h i j k l m n"
      onClick={[Function]}
    >
      
    </div>
  </div>
</div>
`;
